// Jest Snapshot v1, https://goo.gl/fbAQLP

exports[`Calculator snapshot Calculator component 1`] = `
<div>
  <div
    className="app-container"
  >
    <div>
      <h1
        className="calculator-header"
      >
        Let's Do Some Math!
      </h1>
    </div>
    <div
      className="calculator"
    >
      <div
        className="display"
      >
        0
      </div>
      <div
        className="operator-numbers"
      >
        <div
          className="digits"
        >
          <button
            className="btn"
            onClick={[Function]}
            type="button"
          >
            AC
          </button>
          <button
            className="btn"
            onClick={[Function]}
            type="button"
          >
            +/-
          </button>
          <button
            className="btn"
            onClick={[Function]}
            type="button"
          >
            %
          </button>
          <button
            className="btn"
            onClick={[Function]}
            type="button"
          >
            9
          </button>
          <button
            className="btn"
            onClick={[Function]}
            type="button"
          >
            8
          </button>
          <button
            className="btn"
            onClick={[Function]}
            type="button"
          >
            7
          </button>
          <button
            className="btn"
            onClick={[Function]}
            type="button"
          >
            6
          </button>
          <button
            className="btn"
            onClick={[Function]}
            type="button"
          >
            5
          </button>
          <button
            className="btn"
            onClick={[Function]}
            type="button"
          >
            4
          </button>
          <button
            className="btn"
            onClick={[Function]}
            type="button"
          >
            3
          </button>
          <button
            className="btn"
            onClick={[Function]}
            type="button"
          >
            2
          </button>
          <button
            className="btn"
            onClick={[Function]}
            type="button"
          >
            1
          </button>
          <button
            className="btn"
            onClick={[Function]}
            type="button"
          >
            0
          </button>
          <button
            className="btn"
            onClick={[Function]}
            type="button"
          >
            .
          </button>
        </div>
        <div
          className="operators"
        >
          <button
            className="btn"
            onClick={[Function]}
            type="button"
          >
            =
          </button>
          <button
            className="btn"
            onClick={[Function]}
            type="button"
          >
            +
          </button>
          <button
            className="btn"
            onClick={[Function]}
            type="button"
          >
            -
          </button>
          <button
            className="btn"
            onClick={[Function]}
            type="button"
          >
            x
          </button>
          <button
            className="btn"
            onClick={[Function]}
            type="button"
          >
            รท
          </button>
        </div>
      </div>
    </div>
  </div>
</div>
`;
