// Jest Snapshot v1, https://goo.gl/fbAQLP

exports[`test navbar render 1`] = `
<div
  className="navbar"
>
  <h4>
    <a
      href="/"
      onClick={[Function]}
    >
      Math Magicians
    </a>
  </h4>
  <ul
    className="Navbar-links"
  >
    <li>
      <a
        href="/"
        onClick={[Function]}
      >
        Home
      </a>
    </li>
    <li>
      <a
        href="/calculator"
        onClick={[Function]}
      >
        Calculator
      </a>
    </li>
    <li>
      <a
        href="/quote"
        onClick={[Function]}
      >
        Quotes
      </a>
    </li>
  </ul>
</div>
`;
